ERC report (Encoding UTF8)
Report includes: Errors

***** Sheet /

***** Sheet /board_aux/

***** Sheet /board_qwiic/

***** Sheet /board_services/

***** Sheet /bringup_en/

***** Sheet /bringup_en_modules/

***** Sheet /bringup_modules/

***** Sheet /bringup_rails/

***** Sheet /camera/

***** Sheet /debug_boot/

***** Sheet /ethernet/

***** Sheet /fmc/

***** Sheet /hdmi_rx/

***** Sheet /hdmi_rx_term/

***** Sheet /hdmi_tx/

***** Sheet /lcd/

***** Sheet /microsd/

***** Sheet /pd_input/

***** Sheet /pmod/

***** Sheet /power/

***** Sheet /power_mon/

***** Sheet /power_som/

***** Sheet /rj45_connector/

***** Sheet /som_j1/

***** Sheet /som_j2/

***** Sheet /som_j3/

***** Sheet /uart_bridge/

***** Sheet /usb_pd/

***** Sheet /usb_uart_connector/

***** Sheet /usbc_otg/

***** Sheet /user_io/

 ** ERC messages: 0  Errors 0  Warnings 0

 ** Ignored checks:
    - Global label only appears once in the schematic
    - Four connection points are joined together
    - SPICE model issue
    - Assigned footprint doesn't match footprint filters
