ERC report (2026-06-11T20:44:27, Encoding UTF8)
Report includes: Errors

***** Sheet /

***** Sheet /bringup_en/

***** Sheet /bringup_en_modules/

***** Sheet /bringup_modules/

***** Sheet /bringup_rails/

***** Sheet /camera/

***** Sheet /debug_boot/

***** Sheet /ethernet/

***** Sheet /fmc/

***** Sheet /hdmi_rx/

***** Sheet /hdmi_tx/

***** Sheet /lcd/

***** Sheet /microsd/
[pin_to_pin]: Pins of type Power output and Power output are connected
    ; error
    @(105.41 mm, 220.98 mm): Symbol #FLG1201 Pin 1 [Power output, Line]
    @(148.59 mm, 99.06 mm): Symbol U1503 Pin 5 [VOUT, Power output, Line]

***** Sheet /pd_input/

***** Sheet /pmod/

***** Sheet /power/

***** Sheet /power_mon/

***** Sheet /som_j1/

***** Sheet /som_j2/

***** Sheet /som_j3/

***** Sheet /uart_bridge/

***** Sheet /usb_pd/

***** Sheet /usbc_otg/

***** Sheet /user_io/

 ** ERC messages: 1  Errors 1  Warnings 0

 ** Ignored checks:
    - Global label only appears once in the schematic
    - Four connection points are joined together
    - SPICE model issue
    - Assigned footprint doesn't match footprint filters
