ERC report (Encoding UTF8)
Report includes: Errors

***** Sheet /

***** Sheet /debug_boot/

***** Sheet /mechanical/

***** Sheet /pd_input/

***** Sheet /power/

***** Sheet /power_mon/

***** Sheet /power_som/

***** Sheet /som_decoupling/

***** Sheet /som_j1/

***** Sheet /som_j2/

***** Sheet /som_j3/

***** Sheet /uart_bridge/

***** Sheet /usb_uart_connector/

 ** ERC messages: 0  Errors 0  Warnings 0

 ** Ignored checks:
    - Global label only appears once in the schematic
    - Four connection points are joined together
    - SPICE model issue
    - Assigned footprint doesn't match footprint filters
